[{
	"resource": "/c:/Users/f_ald/source/repos/The-Tech-Idea/Beep.AI.Server/Beep.AI.Researcher/templates/dashboard_new.html",
	"owner": "_generated_diagnostic_collection_name_#9",
	"severity": 8,
	"message": "';' expected.",
	"source": "javascript",
	"startLineNumber": 117,
	"startColumn": 84,
	"endLineNumber": 117,
	"endColumn": 96,
	"modelVersionId": 331,
	"origin": "extHost1"
},{
	"resource": "/c:/Users/f_ald/source/repos/The-Tech-Idea/Beep.AI.Server/Beep.AI.Researcher/templates/dashboard_new.html",
	"owner": "_generated_diagnostic_collection_name_#9",
	"severity": 8,
	"message": "';' expected.",
	"source": "javascript",
	"startLineNumber": 117,
	"startColumn": 103,
	"endLineNumber": 117,
	"endColumn": 109,
	"modelVersionId": 331,
	"origin": "extHost1"
},{
	"resource": "/c:/Users/f_ald/source/repos/The-Tech-Idea/Beep.AI.Server/Beep.AI.Researcher/templates/dashboard_new.html",
	"owner": "_generated_diagnostic_collection_name_#9",
	"code": "css-propertyvalueexpected",
	"severity": 8,
	"message": "property value expected",
	"source": "css",
	"startLineNumber": 159,
	"startColumn": 74,
	"endLineNumber": 159,
	"endColumn": 75,
	"modelVersionId": 331,
	"origin": "extHost1"
},{
	"resource": "/c:/Users/f_ald/source/repos/The-Tech-Idea/Beep.AI.Server/Beep.AI.Researcher/templates/dashboard_new.html",
	"owner": "_generated_diagnostic_collection_name_#9",
	"code": "css-ruleorselectorexpected",
	"severity": 8,
	"message": "at-rule or selector expected",
	"source": "css",
	"startLineNumber": 159,
	"startColumn": 105,
	"endLineNumber": 159,
	"endColumn": 106,
	"modelVersionId": 331,
	"origin": "extHost1"
},{
	"resource": "/c:/Users/f_ald/source/repos/The-Tech-Idea/Beep.AI.Server/Beep.AI.Researcher/templates/dashboard_new.html",
	"owner": "_generated_diagnostic_collection_name_#9",
	"code": "css-ruleorselectorexpected",
	"severity": 8,
	"message": "at-rule or selector expected",
	"source": "css",
	"startLineNumber": 159,
	"startColumn": 107,
	"endLineNumber": 159,
	"endColumn": 108,
	"modelVersionId": 331,
	"origin": "extHost1"
},{
	"resource": "/c:/Users/f_ald/source/repos/The-Tech-Idea/Beep.AI.Server/Beep.AI.Researcher/templates/dashboard_new.html",
	"owner": "_generated_diagnostic_collection_name_#9",
	"severity": 8,
	"message": "Property assignment expected.",
	"source": "javascript",
	"startLineNumber": 174,
	"startColumn": 111,
	"endLineNumber": 174,
	"endColumn": 112,
	"modelVersionId": 331,
	"origin": "extHost1"
},{
	"resource": "/c:/Users/f_ald/source/repos/The-Tech-Idea/Beep.AI.Server/Beep.AI.Researcher/templates/dashboard_new.html",
	"owner": "_generated_diagnostic_collection_name_#9",
	"severity": 8,
	"message": "',' expected.",
	"source": "javascript",
	"startLineNumber": 174,
	"startColumn": 120,
	"endLineNumber": 174,
	"endColumn": 121,
	"modelVersionId": 331,
	"origin": "extHost1"
},{
	"resource": "/c:/Users/f_ald/source/repos/The-Tech-Idea/Beep.AI.Server/Beep.AI.Researcher/templates/dashboard_new.html",
	"owner": "_generated_diagnostic_collection_name_#9",
	"severity": 8,
	"message": "',' expected.",
	"source": "javascript",
	"startLineNumber": 174,
	"startColumn": 125,
	"endLineNumber": 174,
	"endColumn": 126,
	"modelVersionId": 331,
	"origin": "extHost1"
},{
	"resource": "/c:/Users/f_ald/source/repos/The-Tech-Idea/Beep.AI.Server/Beep.AI.Researcher/templates/dashboard_new.html",
	"owner": "_generated_diagnostic_collection_name_#9",
	"severity": 8,
	"message": "Property assignment expected.",
	"source": "javascript",
	"startLineNumber": 323,
	"startColumn": 17,
	"endLineNumber": 323,
	"endColumn": 18,
	"modelVersionId": 331,
	"origin": "extHost1"
},{
	"resource": "/c:/Users/f_ald/source/repos/The-Tech-Idea/Beep.AI.Server/Beep.AI.Researcher/templates/dashboard_new.html",
	"owner": "_generated_diagnostic_collection_name_#9",
	"severity": 8,
	"message": "',' expected.",
	"source": "javascript",
	"startLineNumber": 323,
	"startColumn": 29,
	"endLineNumber": 323,
	"endColumn": 30,
	"modelVersionId": 331,
	"origin": "extHost1"
},{
	"resource": "/c:/Users/f_ald/source/repos/The-Tech-Idea/Beep.AI.Server/Beep.AI.Researcher/templates/dashboard_new.html",
	"owner": "_generated_diagnostic_collection_name_#9",
	"severity": 8,
	"message": "Declaration or statement expected.",
	"source": "javascript",
	"startLineNumber": 323,
	"startColumn": 42,
	"endLineNumber": 323,
	"endColumn": 43,
	"modelVersionId": 331,
	"origin": "extHost1"
},{
	"resource": "/c:/Users/f_ald/source/repos/The-Tech-Idea/Beep.AI.Server/Beep.AI.Researcher/templates/dashboard_new.html",
	"owner": "_generated_diagnostic_collection_name_#9",
	"severity": 8,
	"message": "Declaration or statement expected.",
	"source": "javascript",
	"startLineNumber": 323,
	"startColumn": 43,
	"endLineNumber": 323,
	"endColumn": 44,
	"modelVersionId": 331,
	"origin": "extHost1"
},{
	"resource": "/c:/Users/f_ald/source/repos/The-Tech-Idea/Beep.AI.Server/Beep.AI.Researcher/templates/dashboard_new.html",
	"owner": "_generated_diagnostic_collection_name_#9",
	"severity": 8,
	"message": "Declaration or statement expected.",
	"source": "javascript",
	"startLineNumber": 323,
	"startColumn": 44,
	"endLineNumber": 323,
	"endColumn": 45,
	"modelVersionId": 331,
	"origin": "extHost1"
},{
	"resource": "/c:/Users/f_ald/source/repos/The-Tech-Idea/Beep.AI.Server/Beep.AI.Researcher/templates/dashboard_new.html",
	"owner": "_generated_diagnostic_collection_name_#9",
	"severity": 8,
	"message": "';' expected.",
	"source": "javascript",
	"startLineNumber": 324,
	"startColumn": 39,
	"endLineNumber": 324,
	"endColumn": 41,
	"modelVersionId": 331,
	"origin": "extHost1"
},{
	"resource": "/c:/Users/f_ald/source/repos/The-Tech-Idea/Beep.AI.Server/Beep.AI.Researcher/templates/dashboard_new.html",
	"owner": "_generated_diagnostic_collection_name_#9",
	"severity": 8,
	"message": "'(' expected.",
	"source": "javascript",
	"startLineNumber": 324,
	"startColumn": 42,
	"endLineNumber": 324,
	"endColumn": 50,
	"modelVersionId": 331,
	"origin": "extHost1"
},{
	"resource": "/c:/Users/f_ald/source/repos/The-Tech-Idea/Beep.AI.Server/Beep.AI.Researcher/templates/dashboard_new.html",
	"owner": "_generated_diagnostic_collection_name_#9",
	"severity": 8,
	"message": "')' expected.",
	"source": "javascript",
	"startLineNumber": 324,
	"startColumn": 51,
	"endLineNumber": 324,
	"endColumn": 55,
	"modelVersionId": 331,
	"origin": "extHost1"
},{
	"resource": "/c:/Users/f_ald/source/repos/The-Tech-Idea/Beep.AI.Server/Beep.AI.Researcher/templates/dashboard_new.html",
	"owner": "_generated_diagnostic_collection_name_#9",
	"severity": 8,
	"message": "Declaration or statement expected.",
	"source": "javascript",
	"startLineNumber": 324,
	"startColumn": 63,
	"endLineNumber": 324,
	"endColumn": 64,
	"modelVersionId": 331,
	"origin": "extHost1"
},{
	"resource": "/c:/Users/f_ald/source/repos/The-Tech-Idea/Beep.AI.Server/Beep.AI.Researcher/templates/dashboard_new.html",
	"owner": "_generated_diagnostic_collection_name_#9",
	"severity": 8,
	"message": "Declaration or statement expected.",
	"source": "javascript",
	"startLineNumber": 326,
	"startColumn": 1,
	"endLineNumber": 326,
	"endColumn": 2,
	"modelVersionId": 331,
	"origin": "extHost1"
}]