============================= test session starts =============================
platform win32 -- Python 3.13.5, pytest-9.0.2, pluggy-1.6.0 -- C:\Users\f_ald\source\repos\The-Tech-Idea\Beep.AI.Server\Beep.AI.Researcher\.venv\Scripts\python.exe
cachedir: .pytest_cache
rootdir: C:\Users\f_ald\source\repos\The-Tech-Idea\Beep.AI.Server\Beep.AI.Researcher
configfile: pytest.ini
plugins: asyncio-1.3.0
asyncio: mode=Mode.AUTO, debug=False, asyncio_default_fixture_loop_scope=None, asyncio_default_test_loop_scope=function
collecting ... collected 1 item

tests/test_references.py::TestReferenceModel::test_reference_creation_basic Warning: Could not seed RBAC roles: name 'existing_RBACRole' is not defined
FAILED

================================== FAILURES ===================================
______________ TestReferenceModel.test_reference_creation_basic _______________

self = <sqlalchemy.engine.base.Connection object at 0x000001766C31A6D0>
dialect = <sqlalchemy.dialects.sqlite.pysqlite.SQLiteDialect_pysqlite object at 0x000001766B91D6A0>
context = <sqlalchemy.dialects.sqlite.base.SQLiteExecutionContext object at 0x000001766C326210>
statement = <sqlalchemy.dialects.sqlite.base.SQLiteCompiler object at 0x000001766C320F50>
parameters = [(7, None, 'Machine Learning Fundamentals', None, None, 'ACM Computing Surveys', ...)]

    def _exec_single_context(
        self,
        dialect: Dialect,
        context: ExecutionContext,
        statement: Union[str, Compiled],
        parameters: Optional[_AnyMultiExecuteParams],
    ) -> CursorResult[Any]:
        """continue the _execute_context() method for a single DBAPI
        cursor.execute() or cursor.executemany() call.
    
        """
        if dialect.bind_typing is BindTyping.SETINPUTSIZES:
            generic_setinputsizes = context._prepare_set_input_sizes()
    
            if generic_setinputsizes:
                try:
                    dialect.do_set_input_sizes(
                        context.cursor, generic_setinputsizes, context
                    )
                except BaseException as e:
                    self._handle_dbapi_exception(
                        e, str(statement), parameters, None, context
                    )
    
        cursor, str_statement, parameters = (
            context.cursor,
            context.statement,
            context.parameters,
        )
    
        effective_parameters: Optional[_AnyExecuteParams]
    
        if not context.executemany:
            effective_parameters = parameters[0]
        else:
            effective_parameters = parameters
    
        if self._has_events or self.engine._has_events:
            for fn in self.dispatch.before_cursor_execute:
                str_statement, effective_parameters = fn(
                    self,
                    cursor,
                    str_statement,
                    effective_parameters,
                    context,
                    context.executemany,
                )
    
        if self._echo:
            self._log_info(str_statement)
    
            stats = context._get_cache_stats()
    
            if not self.engine.hide_parameters:
                self._log_info(
                    "[%s] %r",
                    stats,
                    sql_util._repr_params(
                        effective_parameters,
                        batches=10,
                        ismulti=context.executemany,
                    ),
                )
            else:
                self._log_info(
                    "[%s] [SQL parameters hidden due to hide_parameters=True]",
                    stats,
                )
    
        evt_handled: bool = False
        try:
            if context.execute_style is ExecuteStyle.EXECUTEMANY:
                effective_parameters = cast(
                    "_CoreMultiExecuteParams", effective_parameters
                )
                if self.dialect._has_events:
                    for fn in self.dialect.dispatch.do_executemany:
                        if fn(
                            cursor,
                            str_statement,
                            effective_parameters,
                            context,
                        ):
                            evt_handled = True
                            break
                if not evt_handled:
                    self.dialect.do_executemany(
                        cursor,
                        str_statement,
                        effective_parameters,
                        context,
                    )
            elif not effective_parameters and context.no_parameters:
                if self.dialect._has_events:
                    for fn in self.dialect.dispatch.do_execute_no_params:
                        if fn(cursor, str_statement, context):
                            evt_handled = True
                            break
                if not evt_handled:
                    self.dialect.do_execute_no_params(
                        cursor, str_statement, context
                    )
            else:
                effective_parameters = cast(
                    "_CoreSingleExecuteParams", effective_parameters
                )
                if self.dialect._has_events:
                    for fn in self.dialect.dispatch.do_execute:
                        if fn(
                            cursor,
                            str_statement,
                            effective_parameters,
                            context,
                        ):
                            evt_handled = True
                            break
                if not evt_handled:
>                   self.dialect.do_execute(
                        cursor, str_statement, effective_parameters, context
                    )

.venv\Lib\site-packages\sqlalchemy\engine\base.py:1967: 
_ _ _ _ _ _ _ _ _ _ _ _ _ _ _ _ _ _ _ _ _ _ _ _ _ _ _ _ _ _ _ _ _ _ _ _ _ _ _ _

self = <sqlalchemy.dialects.sqlite.pysqlite.SQLiteDialect_pysqlite object at 0x000001766B91D6A0>
cursor = <sqlite3.Cursor object at 0x000001766C30A040>
statement = 'INSERT INTO "references" (project_id, document_id, title, authors_json, year, source, source_type, doi, pubmed_id, ar...created_at, updated_at) VALUES (?, ?, ?, ?, ?, ?, ?, ?, ?, ?, ?, ?, ?, ?, ?, ?, ?, ?, ?, ?, ?, ?, ?, ?, ?, ?, ?, ?, ?)'
parameters = (7, None, 'Machine Learning Fundamentals', None, None, 'ACM Computing Surveys', ...)
context = <sqlalchemy.dialects.sqlite.base.SQLiteExecutionContext object at 0x000001766C326210>

    def do_execute(self, cursor, statement, parameters, context=None):
>       cursor.execute(statement, parameters)
E       sqlite3.OperationalError: table references has no column named authors_json

.venv\Lib\site-packages\sqlalchemy\engine\default.py:952: OperationalError

The above exception was the direct cause of the following exception:

self = <tests.test_references.TestReferenceModel object at 0x000001766B7F2850>
app_context = <Flask 'app'>, test_project = <ResearchProject 7>

    def test_reference_creation_basic(self, app_context, test_project):
        """Test basic Reference creation with required fields."""
        from app.database import db
    
        ref = Reference(
            project_id=test_project.id,
            title="Machine Learning Fundamentals",
            citation_key="ML2020",
            source="ACM Computing Surveys"
        )
        db.session.add(ref)
>       db.session.commit()

tests\test_references.py:22: 
_ _ _ _ _ _ _ _ _ _ _ _ _ _ _ _ _ _ _ _ _ _ _ _ _ _ _ _ _ _ _ _ _ _ _ _ _ _ _ _
.venv\Lib\site-packages\sqlalchemy\orm\scoping.py:597: in commit
    return self._proxied.commit()
           ^^^^^^^^^^^^^^^^^^^^^^
.venv\Lib\site-packages\sqlalchemy\orm\session.py:2030: in commit
    trans.commit(_to_root=True)
<string>:2: in commit
    ???
.venv\Lib\site-packages\sqlalchemy\orm\state_changes.py:137: in _go
    ret_value = fn(self, *arg, **kw)
                ^^^^^^^^^^^^^^^^^^^^
.venv\Lib\site-packages\sqlalchemy\orm\session.py:1311: in commit
    self._prepare_impl()
<string>:2: in _prepare_impl
    ???
.venv\Lib\site-packages\sqlalchemy\orm\state_changes.py:137: in _go
    ret_value = fn(self, *arg, **kw)
                ^^^^^^^^^^^^^^^^^^^^
.venv\Lib\site-packages\sqlalchemy\orm\session.py:1286: in _prepare_impl
    self.session.flush()
.venv\Lib\site-packages\sqlalchemy\orm\session.py:4331: in flush
    self._flush(objects)
.venv\Lib\site-packages\sqlalchemy\orm\session.py:4466: in _flush
    with util.safe_reraise():
         ^^^^^^^^^^^^^^^^^^^
.venv\Lib\site-packages\sqlalchemy\util\langhelpers.py:224: in __exit__
    raise exc_value.with_traceback(exc_tb)
.venv\Lib\site-packages\sqlalchemy\orm\session.py:4427: in _flush
    flush_context.execute()
.venv\Lib\site-packages\sqlalchemy\orm\unitofwork.py:466: in execute
    rec.execute(self)
.venv\Lib\site-packages\sqlalchemy\orm\unitofwork.py:642: in execute
    util.preloaded.orm_persistence.save_obj(
.venv\Lib\site-packages\sqlalchemy\orm\persistence.py:93: in save_obj
    _emit_insert_statements(
.venv\Lib\site-packages\sqlalchemy\orm\persistence.py:1233: in _emit_insert_statements
    result = connection.execute(
.venv\Lib\site-packages\sqlalchemy\engine\base.py:1419: in execute
    return meth(
.venv\Lib\site-packages\sqlalchemy\sql\elements.py:527: in _execute_on_connection
    return connection._execute_clauseelement(
.venv\Lib\site-packages\sqlalchemy\engine\base.py:1641: in _execute_clauseelement
    ret = self._execute_context(
.venv\Lib\site-packages\sqlalchemy\engine\base.py:1846: in _execute_context
    return self._exec_single_context(
.venv\Lib\site-packages\sqlalchemy\engine\base.py:1986: in _exec_single_context
    self._handle_dbapi_exception(
.venv\Lib\site-packages\sqlalchemy\engine\base.py:2363: in _handle_dbapi_exception
    raise sqlalchemy_exception.with_traceback(exc_info[2]) from e
.venv\Lib\site-packages\sqlalchemy\engine\base.py:1967: in _exec_single_context
    self.dialect.do_execute(
_ _ _ _ _ _ _ _ _ _ _ _ _ _ _ _ _ _ _ _ _ _ _ _ _ _ _ _ _ _ _ _ _ _ _ _ _ _ _ _

self = <sqlalchemy.dialects.sqlite.pysqlite.SQLiteDialect_pysqlite object at 0x000001766B91D6A0>
cursor = <sqlite3.Cursor object at 0x000001766C30A040>
statement = 'INSERT INTO "references" (project_id, document_id, title, authors_json, year, source, source_type, doi, pubmed_id, ar...created_at, updated_at) VALUES (?, ?, ?, ?, ?, ?, ?, ?, ?, ?, ?, ?, ?, ?, ?, ?, ?, ?, ?, ?, ?, ?, ?, ?, ?, ?, ?, ?, ?)'
parameters = (7, None, 'Machine Learning Fundamentals', None, None, 'ACM Computing Surveys', ...)
context = <sqlalchemy.dialects.sqlite.base.SQLiteExecutionContext object at 0x000001766C326210>

    def do_execute(self, cursor, statement, parameters, context=None):
>       cursor.execute(statement, parameters)
E       sqlalchemy.exc.OperationalError: (sqlite3.OperationalError) table references has no column named authors_json
E       [SQL: INSERT INTO "references" (project_id, document_id, title, authors_json, year, source, source_type, doi, pubmed_id, arxiv_id, isbn, issn, url, citation_key, abstract, keywords_json, volume, issue, pages, published_date, accessed_date, metadata_json, publication, citation, notes, citation_count, last_citation_date, created_at, updated_at) VALUES (?, ?, ?, ?, ?, ?, ?, ?, ?, ?, ?, ?, ?, ?, ?, ?, ?, ?, ?, ?, ?, ?, ?, ?, ?, ?, ?, ?, ?)]
E       [parameters: (7, None, 'Machine Learning Fundamentals', None, None, 'ACM Computing Surveys', 'other', None, None, None, None, None, None, 'ML2020', None, None, None, None, None, None, None, None, None, None, None, 0, None, '2026-02-08 13:37:28.863367', '2026-02-08 13:37:28.863373')]
E       (Background on this error at: https://sqlalche.me/e/20/e3q8)

.venv\Lib\site-packages\sqlalchemy\engine\default.py:952: OperationalError
============================== warnings summary ===============================
.venv\Lib\site-packages\_pytest\config\__init__.py:1428
  C:\Users\f_ald\source\repos\The-Tech-Idea\Beep.AI.Server\Beep.AI.Researcher\.venv\Lib\site-packages\_pytest\config\__init__.py:1428: PytestConfigWarning: Unknown config option: asyncio_fixture_scope
  
    self._warn_or_fail_if_strict(f"Unknown config option: {key}\n")

tests/test_references.py::TestReferenceModel::test_reference_creation_basic
  C:\Users\f_ald\source\repos\The-Tech-Idea\Beep.AI.Server\Beep.AI.Researcher\.venv\Lib\site-packages\flask_sqlalchemy\model.py:22: SAWarning: relationship 'PluginValidator.extraction_field' will copy column extraction_fields.id to column plugin_validators.extraction_field_id, which conflicts with relationship(s): 'ExtractionField.validators' (copies extraction_fields.id to plugin_validators.extraction_field_id). If this is not the intention, consider if these relationships should be linked with back_populates, or if viewonly=True should be applied to one or more if they are read-only. For the less common case that foreign key constraints are partially overlapping, the orm.foreign() annotation can be used to isolate the columns that should be written towards.   To silence this warning, add the parameter 'overlaps="validators"' to the 'PluginValidator.extraction_field' relationship. (Background on this warning at: https://sqlalche.me/e/20/qzyx) (This warning originated from the `configure_mappers()` process, which was invoked automatically in response to a user-initiated operation.)
    return cls.query_class(

tests/test_references.py::TestReferenceModel::test_reference_creation_basic
tests/test_references.py::TestReferenceModel::test_reference_creation_basic
tests/test_references.py::TestReferenceModel::test_reference_creation_basic
tests/test_references.py::TestReferenceModel::test_reference_creation_basic
tests/test_references.py::TestReferenceModel::test_reference_creation_basic
tests/test_references.py::TestReferenceModel::test_reference_creation_basic
  C:\Users\f_ald\source\repos\The-Tech-Idea\Beep.AI.Server\Beep.AI.Researcher\.venv\Lib\site-packages\sqlalchemy\sql\schema.py:3624: DeprecationWarning: datetime.datetime.utcnow() is deprecated and scheduled for removal in a future version. Use timezone-aware objects to represent datetimes in UTC: datetime.datetime.now(datetime.UTC).
    return util.wrap_callable(lambda ctx: fn(), fn)  # type: ignore

-- Docs: https://docs.pytest.org/en/stable/how-to/capture-warnings.html
=========================== short test summary info ===========================
FAILED tests/test_references.py::TestReferenceModel::test_reference_creation_basic
!!!!!!!!!!!!!!!!!!!!!!!!!! stopping after 1 failures !!!!!!!!!!!!!!!!!!!!!!!!!!
======================== 1 failed, 8 warnings in 1.32s ========================
